// Jest Snapshot v1, https://goo.gl/fbAQLP

exports[`gux-radial-progress should display component as expected (1) 1`] = `"<div aria-busy=\\"true\\"><div class=\\"spinner\\"></div></div>"`;

exports[`gux-radial-progress should display component as expected (2) 1`] = `"<div aria-busy=\\"true\\"><div class=\\"spinner\\"></div></div>"`;

exports[`gux-radial-progress should display component as expected (3) 1`] = `"<div aria-busy=\\"true\\"><div class=\\"spinner\\"></div></div>"`;

exports[`gux-radial-progress should display component as expected (4) 1`] = `"<div aria-busy=\\"true\\"><div class=\\"spinner\\"></div></div>"`;

exports[`gux-radial-progress should display component as expected (5) 1`] = `"<div aria-busy=\\"true\\"><div class=\\"spinner\\"></div></div>"`;

exports[`gux-radial-progress should display component as expected (6) 1`] = `"<div aria-busy=\\"true\\"><div class=\\"spinner\\"></div></div>"`;

exports[`gux-radial-progress should display component as expected (7) 1`] = `"<div aria-busy=\\"true\\"><div class=\\"spinner\\"></div></div>"`;

exports[`gux-radial-progress should display component as expected (8) 1`] = `"<div role=\\"progressbar\\" aria-valuenow=\\"0\\" aria-valuemin=\\"0\\" aria-valuemax=\\"100\\"><svg class=\\"svg-container\\" width=\\"65px\\" height=\\"65px\\" viewBox=\\"0 0 65 65\\"><filter id=\\"dropshadow-0\\"><feGaussianBlur in=\\"SourceGraphic\\" stdDeviation=\\"2\\"></feGaussianBlur><feOffset dx=\\"0\\" dy=\\"0\\" result=\\"offsetblur\\"></feOffset><feMerge><feMergeNode></feMergeNode><feMergeNode in=\\"SourceGraphic\\"></feMergeNode></feMerge></filter><circle cx=\\"50%\\" cy=\\"50%\\" r=\\"26\\" class=\\"static-circle\\"></circle><circle cx=\\"50%\\" cy=\\"50%\\" r=\\"26\\" class=\\"dynamic-circle\\" stroke-dashoffset=\\"163.36281798666926\\" stroke-dasharray=\\"163.36281798666926\\" filter=\\"url(#dropshadow-0)\\"></circle><text x=\\"50%\\" y=\\"50%\\" dominant-baseline=\\"central\\" class=\\"percentage\\">0%</text></svg></div>"`;

exports[`gux-radial-progress should display component as expected (9) 1`] = `"<div role=\\"progressbar\\" aria-valuenow=\\"10\\" aria-valuemin=\\"0\\" aria-valuemax=\\"100\\"><svg class=\\"svg-container\\" width=\\"65px\\" height=\\"65px\\" viewBox=\\"0 0 65 65\\"><filter id=\\"dropshadow-0\\"><feGaussianBlur in=\\"SourceGraphic\\" stdDeviation=\\"2\\"></feGaussianBlur><feOffset dx=\\"0\\" dy=\\"0\\" result=\\"offsetblur\\"></feOffset><feMerge><feMergeNode></feMergeNode><feMergeNode in=\\"SourceGraphic\\"></feMergeNode></feMerge></filter><circle cx=\\"50%\\" cy=\\"50%\\" r=\\"26\\" class=\\"static-circle\\"></circle><circle cx=\\"50%\\" cy=\\"50%\\" r=\\"26\\" class=\\"dynamic-circle\\" stroke-dashoffset=\\"147.02653618800232\\" stroke-dasharray=\\"163.36281798666926\\" filter=\\"url(#dropshadow-0)\\"></circle><text x=\\"50%\\" y=\\"50%\\" dominant-baseline=\\"central\\" class=\\"percentage\\">10%</text></svg></div>"`;

exports[`gux-radial-progress should display component as expected (10) 1`] = `"<div role=\\"progressbar\\" aria-valuenow=\\"100\\" aria-valuemin=\\"0\\" aria-valuemax=\\"100\\"><svg class=\\"svg-container\\" width=\\"65px\\" height=\\"65px\\" viewBox=\\"0 0 65 65\\"><filter id=\\"dropshadow-0\\"><feGaussianBlur in=\\"SourceGraphic\\" stdDeviation=\\"2\\"></feGaussianBlur><feOffset dx=\\"0\\" dy=\\"0\\" result=\\"offsetblur\\"></feOffset><feMerge><feMergeNode></feMergeNode><feMergeNode in=\\"SourceGraphic\\"></feMergeNode></feMerge></filter><circle cx=\\"50%\\" cy=\\"50%\\" r=\\"26\\" class=\\"static-circle\\"></circle><circle cx=\\"50%\\" cy=\\"50%\\" r=\\"26\\" class=\\"dynamic-circle\\" stroke-dashoffset=\\"0\\" stroke-dasharray=\\"163.36281798666926\\" filter=\\"url(#dropshadow-0)\\"></circle><text x=\\"50%\\" y=\\"50%\\" dominant-baseline=\\"central\\" class=\\"percentage\\">100%</text></svg></div>"`;

exports[`gux-radial-progress should display component as expected (11) 1`] = `"<div role=\\"progressbar\\" aria-valuenow=\\"10\\" aria-valuemin=\\"0\\" aria-valuemax=\\"100\\"><svg class=\\"svg-container\\" width=\\"65px\\" height=\\"65px\\" viewBox=\\"0 0 65 65\\"><filter id=\\"dropshadow-0\\"><feGaussianBlur in=\\"SourceGraphic\\" stdDeviation=\\"2\\"></feGaussianBlur><feOffset dx=\\"0\\" dy=\\"0\\" result=\\"offsetblur\\"></feOffset><feMerge><feMergeNode></feMergeNode><feMergeNode in=\\"SourceGraphic\\"></feMergeNode></feMerge></filter><circle cx=\\"50%\\" cy=\\"50%\\" r=\\"26\\" class=\\"static-circle\\"></circle><circle cx=\\"50%\\" cy=\\"50%\\" r=\\"26\\" class=\\"dynamic-circle\\" stroke-dashoffset=\\"147.02653618800232\\" stroke-dasharray=\\"163.36281798666926\\" filter=\\"url(#dropshadow-0)\\"></circle><text x=\\"50%\\" y=\\"50%\\" dominant-baseline=\\"central\\" class=\\"percentage\\">10%</text></svg></div>"`;

exports[`gux-radial-progress should display component as expected (12) 1`] = `"<div role=\\"progressbar\\" aria-valuenow=\\"10\\" aria-valuemin=\\"0\\" aria-valuemax=\\"10\\"><svg class=\\"svg-container\\" width=\\"65px\\" height=\\"65px\\" viewBox=\\"0 0 65 65\\"><filter id=\\"dropshadow-0\\"><feGaussianBlur in=\\"SourceGraphic\\" stdDeviation=\\"2\\"></feGaussianBlur><feOffset dx=\\"0\\" dy=\\"0\\" result=\\"offsetblur\\"></feOffset><feMerge><feMergeNode></feMergeNode><feMergeNode in=\\"SourceGraphic\\"></feMergeNode></feMerge></filter><circle cx=\\"50%\\" cy=\\"50%\\" r=\\"26\\" class=\\"static-circle\\"></circle><circle cx=\\"50%\\" cy=\\"50%\\" r=\\"26\\" class=\\"dynamic-circle\\" stroke-dashoffset=\\"0\\" stroke-dasharray=\\"163.36281798666926\\" filter=\\"url(#dropshadow-0)\\"></circle><text x=\\"50%\\" y=\\"50%\\" dominant-baseline=\\"central\\" class=\\"percentage\\">100%</text></svg></div>"`;
