// Jest Snapshot v1, https://goo.gl/fbAQLP

exports[`gux-notification-toast #render should render alert notification toast 1`] = `"<gux-notification-toast lang=\\"en\\" accent=\\"alert\\" class=\\"hydrated\\"><!----> <div class=\\"icon alert\\"><gux-icon slot=\\"icon\\" icon-name=\\"add-user\\" decorative=\\"\\" class=\\"hydrated\\"><svg aria-hidden=\\"\\" viewBox=\\"0 0 32 32\\"><use xlink:href=\\"#gux-icon-add-user\\"></use></svg></gux-icon></div><div class=\\"content\\"><div class=\\"title\\"><div slot=\\"title\\">Title</div></div><div class=\\"message\\"><div slot=\\"message\\">This is the message</div></div></div><button class=\\"dismiss-button\\" title=\\"Dismiss\\"><gux-icon class=\\"hydrated\\"><svg aria-label=\\"Dismiss\\" viewBox=\\"0 0 16 16\\"><use xlink:href=\\"#gux-icon-ic-close\\"></use></svg></gux-icon></button></gux-notification-toast>"`;

exports[`gux-notification-toast #render should render neutral notification toast 1`] = `"<gux-notification-toast lang=\\"en\\" accent=\\"neutral\\" class=\\"hydrated\\"><!----> <div class=\\"icon neutral\\"><gux-icon slot=\\"icon\\" icon-name=\\"add-user\\" decorative=\\"\\" class=\\"hydrated\\"><svg aria-hidden=\\"\\" viewBox=\\"0 0 32 32\\"><use xlink:href=\\"#gux-icon-add-user\\"></use></svg></gux-icon></div><div class=\\"content\\"><div class=\\"title\\"><div slot=\\"title\\">Title</div></div><div class=\\"message\\"><div slot=\\"message\\">This is the message</div></div></div><button class=\\"dismiss-button\\" title=\\"Dismiss\\"><gux-icon class=\\"hydrated\\"><svg aria-label=\\"Dismiss\\" viewBox=\\"0 0 16 16\\"><use xlink:href=\\"#gux-icon-ic-close\\"></use></svg></gux-icon></button></gux-notification-toast>"`;

exports[`gux-notification-toast #render should render positive notification toast 1`] = `"<gux-notification-toast lang=\\"en\\" accent=\\"positive\\" class=\\"hydrated\\"><!----> <div class=\\"icon positive\\"><gux-icon slot=\\"icon\\" icon-name=\\"add-user\\" decorative=\\"\\" class=\\"hydrated\\"><svg aria-hidden=\\"\\" viewBox=\\"0 0 32 32\\"><use xlink:href=\\"#gux-icon-add-user\\"></use></svg></gux-icon></div><div class=\\"content\\"><div class=\\"title\\"><div slot=\\"title\\">Title</div></div><div class=\\"message\\"><div slot=\\"message\\">This is the message</div></div></div><button class=\\"dismiss-button\\" title=\\"Dismiss\\"><gux-icon class=\\"hydrated\\"><svg aria-label=\\"Dismiss\\" viewBox=\\"0 0 16 16\\"><use xlink:href=\\"#gux-icon-ic-close\\"></use></svg></gux-icon></button></gux-notification-toast>"`;

exports[`gux-notification-toast #render should render warning notification toast 1`] = `"<gux-notification-toast lang=\\"en\\" accent=\\"warning\\" class=\\"hydrated\\"><!----> <div class=\\"icon warning\\"><gux-icon slot=\\"icon\\" icon-name=\\"add-user\\" decorative=\\"\\" class=\\"hydrated\\"><svg aria-hidden=\\"\\" viewBox=\\"0 0 32 32\\"><use xlink:href=\\"#gux-icon-add-user\\"></use></svg></gux-icon></div><div class=\\"content\\"><div class=\\"title\\"><div slot=\\"title\\">Title</div></div><div class=\\"message\\"><div slot=\\"message\\">This is the message</div></div></div><button class=\\"dismiss-button\\" title=\\"Dismiss\\"><gux-icon class=\\"hydrated\\"><svg aria-label=\\"Dismiss\\" viewBox=\\"0 0 16 16\\"><use xlink:href=\\"#gux-icon-ic-close\\"></use></svg></gux-icon></button></gux-notification-toast>"`;
