// Jest Snapshot v1, https://goo.gl/fbAQLP

exports[`gux-modal #render should render large modal 1`] = `"<gux-modal lang=\\"en\\" size=\\"large\\" class=\\"hydrated\\"><!----> <div class=\\"modal\\"><div class=\\"modal-container large\\"><button class=\\"dismiss-button\\" title=\\"Dismiss\\"><gux-icon screenreader-text=\\"Dismiss\\" icon-name=\\"ic-close\\" class=\\"hydrated\\"><svg aria-label=\\"Dismiss\\" viewBox=\\"0 0 16 16\\"><use xlink:href=\\"#gux-icon-ic-close\\"></use></svg></gux-icon></button><h1 class=\\"modal-header\\"><div slot=\\"title\\">Modal Title</div></h1><div class=\\"modal-content\\"><p></p><div slot=\\"content\\">This contains the modal content.</div><p></p></div><div class=\\"button-footer\\"><div><div slot=\\"left-align-buttons\\"> <gux-button title=\\"Cancel\\" class=\\"hydrated\\"><!----><button title=\\"Cancel\\" class=\\"gux-secondary\\">Cancel</button></gux-button> </div></div><div class=\\"right-align-buttons\\"><div slot=\\"right-align-buttons\\"> <gux-button title=\\"Button\\" accent=\\"primary\\" class=\\"hydrated\\"><!----><button title=\\"Button\\" class=\\"gux-primary\\">Accept</button></gux-button> </div></div></div></div></div></gux-modal>"`;

exports[`gux-modal #render should render large modal 2`] = `"<gux-modal lang=\\"en\\" size=\\"large\\" class=\\"hydrated\\" hidden=\\"true\\"><!----> <div class=\\"modal\\"><div class=\\"modal-container large\\"><button class=\\"dismiss-button\\" title=\\"Dismiss\\"><gux-icon screenreader-text=\\"Dismiss\\" icon-name=\\"ic-close\\" class=\\"hydrated\\"><svg aria-label=\\"Dismiss\\" viewBox=\\"0 0 16 16\\"><use xlink:href=\\"#gux-icon-ic-close\\"></use></svg></gux-icon></button><h1 class=\\"modal-header\\"><div slot=\\"title\\">Modal Title</div></h1><div class=\\"modal-content\\"><p></p><div slot=\\"content\\">This contains the modal content.</div><p></p></div><div class=\\"button-footer\\"><div><div slot=\\"left-align-buttons\\"> <gux-button title=\\"Cancel\\" class=\\"hydrated\\"><!----><button title=\\"Cancel\\" class=\\"gux-secondary\\">Cancel</button></gux-button> </div></div><div class=\\"right-align-buttons\\"><div slot=\\"right-align-buttons\\"> <gux-button title=\\"Button\\" accent=\\"primary\\" class=\\"hydrated\\"><!----><button title=\\"Button\\" class=\\"gux-primary\\">Accept</button></gux-button> </div></div></div></div></div></gux-modal>"`;

exports[`gux-modal #render should render medium modal 1`] = `"<gux-modal lang=\\"en\\" size=\\"medium\\" class=\\"hydrated\\"><!----> <div class=\\"modal\\"><div class=\\"modal-container medium\\"><button class=\\"dismiss-button\\" title=\\"Dismiss\\"><gux-icon screenreader-text=\\"Dismiss\\" icon-name=\\"ic-close\\" class=\\"hydrated\\"><svg aria-label=\\"Dismiss\\" viewBox=\\"0 0 16 16\\"><use xlink:href=\\"#gux-icon-ic-close\\"></use></svg></gux-icon></button><h1 class=\\"modal-header\\"><div slot=\\"title\\">Modal Title</div></h1><div class=\\"modal-content\\"><p></p><div slot=\\"content\\">This contains the modal content.</div><p></p></div><div class=\\"button-footer\\"><div><div slot=\\"left-align-buttons\\"> <gux-button title=\\"Cancel\\" class=\\"hydrated\\"><!----><button title=\\"Cancel\\" class=\\"gux-secondary\\">Cancel</button></gux-button> </div></div><div class=\\"right-align-buttons\\"><div slot=\\"right-align-buttons\\"> <gux-button title=\\"Button\\" accent=\\"primary\\" class=\\"hydrated\\"><!----><button title=\\"Button\\" class=\\"gux-primary\\">Accept</button></gux-button> </div></div></div></div></div></gux-modal>"`;

exports[`gux-modal #render should render medium modal 2`] = `"<gux-modal lang=\\"en\\" size=\\"medium\\" class=\\"hydrated\\" hidden=\\"true\\"><!----> <div class=\\"modal\\"><div class=\\"modal-container medium\\"><button class=\\"dismiss-button\\" title=\\"Dismiss\\"><gux-icon screenreader-text=\\"Dismiss\\" icon-name=\\"ic-close\\" class=\\"hydrated\\"><svg aria-label=\\"Dismiss\\" viewBox=\\"0 0 16 16\\"><use xlink:href=\\"#gux-icon-ic-close\\"></use></svg></gux-icon></button><h1 class=\\"modal-header\\"><div slot=\\"title\\">Modal Title</div></h1><div class=\\"modal-content\\"><p></p><div slot=\\"content\\">This contains the modal content.</div><p></p></div><div class=\\"button-footer\\"><div><div slot=\\"left-align-buttons\\"> <gux-button title=\\"Cancel\\" class=\\"hydrated\\"><!----><button title=\\"Cancel\\" class=\\"gux-secondary\\">Cancel</button></gux-button> </div></div><div class=\\"right-align-buttons\\"><div slot=\\"right-align-buttons\\"> <gux-button title=\\"Button\\" accent=\\"primary\\" class=\\"hydrated\\"><!----><button title=\\"Button\\" class=\\"gux-primary\\">Accept</button></gux-button> </div></div></div></div></div></gux-modal>"`;

exports[`gux-modal #render should render modal with just left align buttons 1`] = `"<gux-modal lang=\\"en\\" size=\\"small\\" class=\\"hydrated\\"><!----> <div class=\\"modal\\"><div class=\\"modal-container small\\"><button class=\\"dismiss-button\\" title=\\"Dismiss\\"><gux-icon screenreader-text=\\"Dismiss\\" icon-name=\\"ic-close\\" class=\\"hydrated\\"><svg aria-label=\\"Dismiss\\" viewBox=\\"0 0 16 16\\"><use xlink:href=\\"#gux-icon-ic-close\\"></use></svg></gux-icon></button><h1 class=\\"modal-header\\"><div slot=\\"title\\">Modal Title</div></h1><div class=\\"modal-content\\"><p></p><div slot=\\"content\\">This contains the modal content.</div><p></p></div><div class=\\"button-footer\\"><div><div slot=\\"left-align-buttons\\"> <gux-button title=\\"Cancel\\" class=\\"hydrated\\"><!----><button title=\\"Cancel\\" class=\\"gux-secondary\\">Cancel</button></gux-button> </div></div><div class=\\"right-align-buttons\\"></div></div></div></div></gux-modal>"`;

exports[`gux-modal #render should render modal with just left align buttons 2`] = `"<gux-modal lang=\\"en\\" size=\\"small\\" class=\\"hydrated\\" hidden=\\"true\\"><!----> <div class=\\"modal\\"><div class=\\"modal-container small\\"><button class=\\"dismiss-button\\" title=\\"Dismiss\\"><gux-icon screenreader-text=\\"Dismiss\\" icon-name=\\"ic-close\\" class=\\"hydrated\\"><svg aria-label=\\"Dismiss\\" viewBox=\\"0 0 16 16\\"><use xlink:href=\\"#gux-icon-ic-close\\"></use></svg></gux-icon></button><h1 class=\\"modal-header\\"><div slot=\\"title\\">Modal Title</div></h1><div class=\\"modal-content\\"><p></p><div slot=\\"content\\">This contains the modal content.</div><p></p></div><div class=\\"button-footer\\"><div><div slot=\\"left-align-buttons\\"> <gux-button title=\\"Cancel\\" class=\\"hydrated\\"><!----><button title=\\"Cancel\\" class=\\"gux-secondary\\">Cancel</button></gux-button> </div></div><div class=\\"right-align-buttons\\"></div></div></div></div></gux-modal>"`;

exports[`gux-modal #render should render modal with just right align buttons 1`] = `"<gux-modal lang=\\"en\\" size=\\"small\\" class=\\"hydrated\\"><!----> <div class=\\"modal\\"><div class=\\"modal-container small\\"><button class=\\"dismiss-button\\" title=\\"Dismiss\\"><gux-icon screenreader-text=\\"Dismiss\\" icon-name=\\"ic-close\\" class=\\"hydrated\\"><svg aria-label=\\"Dismiss\\" viewBox=\\"0 0 16 16\\"><use xlink:href=\\"#gux-icon-ic-close\\"></use></svg></gux-icon></button><h1 class=\\"modal-header\\"><div slot=\\"title\\">Modal Title</div></h1><div class=\\"modal-content\\"><p></p><div slot=\\"content\\">This contains the modal content.</div><p></p></div><div class=\\"button-footer\\"><div></div><div class=\\"right-align-buttons\\"><div slot=\\"right-align-buttons\\"> <gux-button title=\\"Button\\" accent=\\"primary\\" class=\\"hydrated\\"><!----><button title=\\"Button\\" class=\\"gux-primary\\">Accept</button></gux-button> </div></div></div></div></div></gux-modal>"`;

exports[`gux-modal #render should render modal with just right align buttons 2`] = `"<gux-modal lang=\\"en\\" size=\\"small\\" class=\\"hydrated\\" hidden=\\"true\\"><!----> <div class=\\"modal\\"><div class=\\"modal-container small\\"><button class=\\"dismiss-button\\" title=\\"Dismiss\\"><gux-icon screenreader-text=\\"Dismiss\\" icon-name=\\"ic-close\\" class=\\"hydrated\\"><svg aria-label=\\"Dismiss\\" viewBox=\\"0 0 16 16\\"><use xlink:href=\\"#gux-icon-ic-close\\"></use></svg></gux-icon></button><h1 class=\\"modal-header\\"><div slot=\\"title\\">Modal Title</div></h1><div class=\\"modal-content\\"><p></p><div slot=\\"content\\">This contains the modal content.</div><p></p></div><div class=\\"button-footer\\"><div></div><div class=\\"right-align-buttons\\"><div slot=\\"right-align-buttons\\"> <gux-button title=\\"Button\\" accent=\\"primary\\" class=\\"hydrated\\"><!----><button title=\\"Button\\" class=\\"gux-primary\\">Accept</button></gux-button> </div></div></div></div></div></gux-modal>"`;

exports[`gux-modal #render should render modal without a title 1`] = `"<gux-modal lang=\\"en\\" size=\\"large\\" class=\\"hydrated\\"><!----> <div class=\\"modal\\"><div class=\\"modal-container large\\"><button class=\\"dismiss-button\\" title=\\"Dismiss\\"><gux-icon screenreader-text=\\"Dismiss\\" icon-name=\\"ic-close\\" class=\\"hydrated\\"><svg aria-label=\\"Dismiss\\" viewBox=\\"0 0 16 16\\"><use xlink:href=\\"#gux-icon-ic-close\\"></use></svg></gux-icon></button><div class=\\"modal-content\\"><p></p><div slot=\\"content\\">This contains the modal content.</div><p></p></div><div class=\\"button-footer\\"><div><div slot=\\"left-align-buttons\\"> <gux-button title=\\"Cancel\\" class=\\"hydrated\\"><!----><button title=\\"Cancel\\" class=\\"gux-secondary\\">Cancel</button></gux-button> </div></div><div class=\\"right-align-buttons\\"><div slot=\\"right-align-buttons\\"> <gux-button title=\\"Button\\" accent=\\"primary\\" class=\\"hydrated\\"><!----><button title=\\"Button\\" class=\\"gux-primary\\">Accept</button></gux-button> </div></div></div></div></div></gux-modal>"`;

exports[`gux-modal #render should render modal without a title 2`] = `"<gux-modal lang=\\"en\\" size=\\"large\\" class=\\"hydrated\\" hidden=\\"true\\"><!----> <div class=\\"modal\\"><div class=\\"modal-container large\\"><button class=\\"dismiss-button\\" title=\\"Dismiss\\"><gux-icon screenreader-text=\\"Dismiss\\" icon-name=\\"ic-close\\" class=\\"hydrated\\"><svg aria-label=\\"Dismiss\\" viewBox=\\"0 0 16 16\\"><use xlink:href=\\"#gux-icon-ic-close\\"></use></svg></gux-icon></button><div class=\\"modal-content\\"><p></p><div slot=\\"content\\">This contains the modal content.</div><p></p></div><div class=\\"button-footer\\"><div><div slot=\\"left-align-buttons\\"> <gux-button title=\\"Cancel\\" class=\\"hydrated\\"><!----><button title=\\"Cancel\\" class=\\"gux-secondary\\">Cancel</button></gux-button> </div></div><div class=\\"right-align-buttons\\"><div slot=\\"right-align-buttons\\"> <gux-button title=\\"Button\\" accent=\\"primary\\" class=\\"hydrated\\"><!----><button title=\\"Button\\" class=\\"gux-primary\\">Accept</button></gux-button> </div></div></div></div></div></gux-modal>"`;

exports[`gux-modal #render should render modal without buttons 1`] = `"<gux-modal lang=\\"en\\" size=\\"small\\" class=\\"hydrated\\"><!----> <div class=\\"modal\\"><div class=\\"modal-container small\\"><button class=\\"dismiss-button\\" title=\\"Dismiss\\"><gux-icon screenreader-text=\\"Dismiss\\" icon-name=\\"ic-close\\" class=\\"hydrated\\"><svg aria-label=\\"Dismiss\\" viewBox=\\"0 0 16 16\\"><use xlink:href=\\"#gux-icon-ic-close\\"></use></svg></gux-icon></button><h1 class=\\"modal-header\\"><div slot=\\"title\\">Modal Title</div></h1><div class=\\"modal-content no-buttons\\"><p></p><div slot=\\"content\\">This contains the modal content.</div><p></p></div></div></div></gux-modal>"`;

exports[`gux-modal #render should render modal without buttons 2`] = `"<gux-modal lang=\\"en\\" size=\\"small\\" class=\\"hydrated\\" hidden=\\"true\\"><!----> <div class=\\"modal\\"><div class=\\"modal-container small\\"><button class=\\"dismiss-button\\" title=\\"Dismiss\\"><gux-icon screenreader-text=\\"Dismiss\\" icon-name=\\"ic-close\\" class=\\"hydrated\\"><svg aria-label=\\"Dismiss\\" viewBox=\\"0 0 16 16\\"><use xlink:href=\\"#gux-icon-ic-close\\"></use></svg></gux-icon></button><h1 class=\\"modal-header\\"><div slot=\\"title\\">Modal Title</div></h1><div class=\\"modal-content no-buttons\\"><p></p><div slot=\\"content\\">This contains the modal content.</div><p></p></div></div></div></gux-modal>"`;

exports[`gux-modal #render should render small modal 1`] = `"<gux-modal lang=\\"en\\" size=\\"small\\" class=\\"hydrated\\"><!----> <div class=\\"modal\\"><div class=\\"modal-container small\\"><button class=\\"dismiss-button\\" title=\\"Dismiss\\"><gux-icon screenreader-text=\\"Dismiss\\" icon-name=\\"ic-close\\" class=\\"hydrated\\"><svg aria-label=\\"Dismiss\\" viewBox=\\"0 0 16 16\\"><use xlink:href=\\"#gux-icon-ic-close\\"></use></svg></gux-icon></button><h1 class=\\"modal-header\\"><div slot=\\"title\\">Modal Title</div></h1><div class=\\"modal-content\\"><p></p><div slot=\\"content\\">This contains the modal content.</div><p></p></div><div class=\\"button-footer\\"><div><div slot=\\"left-align-buttons\\"> <gux-button title=\\"Cancel\\" class=\\"hydrated\\"><!----><button title=\\"Cancel\\" class=\\"gux-secondary\\">Cancel</button></gux-button> </div></div><div class=\\"right-align-buttons\\"><div slot=\\"right-align-buttons\\"> <gux-button title=\\"Button\\" accent=\\"primary\\" class=\\"hydrated\\"><!----><button title=\\"Button\\" class=\\"gux-primary\\">Accept</button></gux-button> </div></div></div></div></div></gux-modal>"`;

exports[`gux-modal #render should render small modal 2`] = `"<gux-modal lang=\\"en\\" size=\\"small\\" class=\\"hydrated\\" hidden=\\"true\\"><!----> <div class=\\"modal\\"><div class=\\"modal-container small\\"><button class=\\"dismiss-button\\" title=\\"Dismiss\\"><gux-icon screenreader-text=\\"Dismiss\\" icon-name=\\"ic-close\\" class=\\"hydrated\\"><svg aria-label=\\"Dismiss\\" viewBox=\\"0 0 16 16\\"><use xlink:href=\\"#gux-icon-ic-close\\"></use></svg></gux-icon></button><h1 class=\\"modal-header\\"><div slot=\\"title\\">Modal Title</div></h1><div class=\\"modal-content\\"><p></p><div slot=\\"content\\">This contains the modal content.</div><p></p></div><div class=\\"button-footer\\"><div><div slot=\\"left-align-buttons\\"> <gux-button title=\\"Cancel\\" class=\\"hydrated\\"><!----><button title=\\"Cancel\\" class=\\"gux-secondary\\">Cancel</button></gux-button> </div></div><div class=\\"right-align-buttons\\"><div slot=\\"right-align-buttons\\"> <gux-button title=\\"Button\\" accent=\\"primary\\" class=\\"hydrated\\"><!----><button title=\\"Button\\" class=\\"gux-primary\\">Accept</button></gux-button> </div></div></div></div></div></gux-modal>"`;

exports[`gux-modal #render should render small modal by default 1`] = `"<gux-modal lang=\\"en\\" class=\\"hydrated\\"><!----> <div class=\\"modal\\"><div class=\\"modal-container small\\"><button class=\\"dismiss-button\\" title=\\"Dismiss\\"><gux-icon screenreader-text=\\"Dismiss\\" icon-name=\\"ic-close\\" class=\\"hydrated\\"><svg aria-label=\\"Dismiss\\" viewBox=\\"0 0 16 16\\"><use xlink:href=\\"#gux-icon-ic-close\\"></use></svg></gux-icon></button><h1 class=\\"modal-header\\"><div slot=\\"title\\">Modal Title</div></h1><div class=\\"modal-content\\"><p></p><div slot=\\"content\\">This contains the modal content.</div><p></p></div><div class=\\"button-footer\\"><div><div slot=\\"left-align-buttons\\"> <gux-button title=\\"Cancel\\" class=\\"hydrated\\"><!----><button title=\\"Cancel\\" class=\\"gux-secondary\\">Cancel</button></gux-button> </div></div><div class=\\"right-align-buttons\\"><div slot=\\"right-align-buttons\\"> <gux-button title=\\"Button\\" accent=\\"primary\\" class=\\"hydrated\\"><!----><button title=\\"Button\\" class=\\"gux-primary\\">Accept</button></gux-button> </div></div></div></div></div></gux-modal>"`;

exports[`gux-modal #render should render small modal by default 2`] = `"<gux-modal lang=\\"en\\" class=\\"hydrated\\" hidden=\\"true\\"><!----> <div class=\\"modal\\"><div class=\\"modal-container small\\"><button class=\\"dismiss-button\\" title=\\"Dismiss\\"><gux-icon screenreader-text=\\"Dismiss\\" icon-name=\\"ic-close\\" class=\\"hydrated\\"><svg aria-label=\\"Dismiss\\" viewBox=\\"0 0 16 16\\"><use xlink:href=\\"#gux-icon-ic-close\\"></use></svg></gux-icon></button><h1 class=\\"modal-header\\"><div slot=\\"title\\">Modal Title</div></h1><div class=\\"modal-content\\"><p></p><div slot=\\"content\\">This contains the modal content.</div><p></p></div><div class=\\"button-footer\\"><div><div slot=\\"left-align-buttons\\"> <gux-button title=\\"Cancel\\" class=\\"hydrated\\"><!----><button title=\\"Cancel\\" class=\\"gux-secondary\\">Cancel</button></gux-button> </div></div><div class=\\"right-align-buttons\\"><div slot=\\"right-align-buttons\\"> <gux-button title=\\"Button\\" accent=\\"primary\\" class=\\"hydrated\\"><!----><button title=\\"Button\\" class=\\"gux-primary\\">Accept</button></gux-button> </div></div></div></div></div></gux-modal>"`;
